-- +goose Up
CREATE TABLE `Users` (
`UserID` INTEGER NOT NULL AUTO_INCREMENT,
PRIMARY KEY(`UserID`),
`first_name` VARCHAR (255) NOT NULL,
`last_name` VARCHAR (255) NOT NULL,
`email` VARCHAR (255) NOT NULL,
`age` INTEGER NOT NULL,
`CreatedAt` DATETIME NOT NULL DEFAULT CURRENT_TIMESTAMP,
`UpdatedAt` DATETIME NOT NULL DEFAULT CURRENT_TIMESTAMP,
FOREIGN KEY (`ProfileID`) REFERENCES `Profiles` (`ProfileID`)
) ENGINE=InnoDB;

-- +goose Down
DROP TABLE `Users`;
